
==============================================================================
 PROCESS day050 (mesa.day050_post_Lbol_max.data)
==============================================================================
[stella_io] mesa.day050_post_Lbol_max.data: epoch=50.0d, n_zones=800
  r:     9.92e+13 to 3.96e+15 cm
  v:     175.8 to 8865.4 km/s (max 8865.4)
  T_gas: 2685 to 27910 K
  ne:    1.68e+03 to 3.85e+12 cm⁻³
  tau_es total: 1417.81
  ⟨X_H⟩ (emit zones): 0.6378
  ⟨X_He⟩ (emit zones): 0.3429
  v(r) has 3/799 reversals (shocks in CSM interaction). MC kernel uses local Doppler broadening, not strict Sobolev, so this is handled but flagged.
[derive_shock_params]
  R_s         = 1.548e+14 cm  (zone 35 of 800)
  v_s         = 263 km/s
  ρ_csm       = 1.19e-11 g/cm³  (zone 36, r=1.55e+14)
  T_shock     = 9.46e+05 K  (kT = 0.1 keV)
  L_shock     = 3.261e+40 erg/s
  t_cool      = 5.08e+00 s  (Λ ≈ 1.36e-24 cgs)
  t_dyn       = 5.88e+06 s
  η_rad       = 1.000
  L_X (>13.6eV) = 2.760e+40 erg/s  (84.6% of brems)
[load_snapshot] shock-bremsstrahlung component included: L_X_brems = 2.760e+40 erg/s (η_rad = 1.00)
[stella_truncate] 800 → 120 zones
  R_phot = 1.371e+15 cm (τ_es = 0.6666666666666666)
  T_phot = 6015 K (gas T at inner boundary)
  L_phot = 1.100e+42 erg/s
  Outer-region τ_es (from photosphere) = 0.58
  Outer zones span r = 1.378e+15 to 3.962e+15 cm
  T_color at thermalization (τ_es=10, ε~0.003): 8297 K
  T_color sensitivity (T_gas at τ_es = 1, 3, 10, 30, 100, 300):
    τ_es=     1:  T=  6254 K
    τ_es=     3:  T=  6981 K
    τ_es=    10:  T=  8297 K
    τ_es=    30:  T= 10892 K
    τ_es=   100:  T= 14914 K
    τ_es=   300:  T= 19528 K
  Outer v range: 3075 to 8865 km/s
[load_snapshot] applying per-zone photoionization equilibrium (CLOUDY/CMFGEN-style)...
[photoionize_csm] T_source auto-selected: 8297 K  [T_color_thermalization (τ_es=10 layer)]
[photoionize_csm] solving with source spectrum:
  T_source = 8297 K  (T_phot = 6015 K, L_phot = 1.100e+42 erg/s)
  hν₀/kT = 19.02  ⇒  Wien suppression exp(-19.0) = 5.49e-09
  L_normalize_to_snap = True  (f_norm = 1.734e-01)
  R_phot = 1.371e+15 cm, n_zones = 120
  G_BB(τ=0) = 2.377e-02  →  Γ_BB(R_phot) = 1.494e-01 s⁻¹
  + bremsstrahlung shock component:
    T_shock = 9.46e+05 K (kT = 0.1 keV)
    L_X_brems = 2.760e+40 erg/s  (0.03× L_phot)
    Γ_brems(R_phot) ≈ 2.949e+01 s⁻¹
    Γ_BB/Γ_brems(R_phot) = 5.06e-03
  iter   0: max ΔX_HII = 3.54e-01,  ⟨X_HII⟩ = 0.058,  f(X_HII>0.5) = 0.00,  range [6.35e-03, 0.467]
  iter   1: max ΔX_HII = 2.12e-01,  ⟨X_HII⟩ = 0.038,  f(X_HII>0.5) = 0.01,  range [3.81e-03, 0.679]
  iter   2: max ΔX_HII = 1.27e-01,  ⟨X_HII⟩ = 0.026,  f(X_HII>0.5) = 0.01,  range [2.29e-03, 0.806]
  iter   3: max ΔX_HII = 7.64e-02,  ⟨X_HII⟩ = 0.019,  f(X_HII>0.5) = 0.01,  range [1.37e-03, 0.883]
  iter   5: max ΔX_HII = 2.75e-02,  ⟨X_HII⟩ = 0.012,  f(X_HII>0.5) = 0.01,  range [4.94e-04, 0.956]
  iter  10: max ΔX_HII = 2.56e-03,  ⟨X_HII⟩ = 0.009,  f(X_HII>0.5) = 0.01,  range [3.84e-05, 0.994]
  iter  15: max ΔX_HII = 2.90e-03,  ⟨X_HII⟩ = 0.009,  f(X_HII>0.5) = 0.01,  range [2.99e-06, 0.997]
  → converged at iter 19 (Δ=9.83e-04 < tol=0.001)

[photoionize_csm] RESULT:
  τ_es (STELLA):     0.582  total along LOS
  τ_es (photoionized): 0.966  total along LOS  (ratio 1.66×)
  ⟨X_HII⟩ STELLA:    0.007  (range 2.53e-04 - 0.113)
  ⟨X_HII⟩ photoeq:    0.009  (range 3.87e-07 - 0.997)
  zones: 1/120 fully ionized (X>0.99); 118/120 neutral (X<0.01)
[load_snapshot] format=stella, epoch=50.0d, n_zones=120
  [STELLA] ⟨X_H⟩ in emit zones = 0.6378
  [STELLA] epoch label is 'days post Lbol max' (not days since explosion)

[1/2] RT-NLTE iteration (max_iter=8, tol=2.0%, damping=0.3)
  [state-fix] T_phot: 1.000e+04 → 6.015e+03 (from snap['T_phot_inner'])
  [STELLA] state.X_H overridden with per-zone composition: range 0.635 → 0.639, ⟨X_H⟩(emit)=0.638
  [STELLA] state.X_He overridden with per-zone composition: range 0.342 → 0.345, ⟨X_He⟩(emit)=0.343
  ionization_mode = saha, f_HI_max = 1.0
[RT-iter] iter 0: baseline NLTE (no J_bar pumping)
[RT-iter] iter 1: MC to measure J_bar, then re-solve NLTE
[peel] zones 120/120, v_turb=per-zone, min=20, med=811, max=1211 km/s, emit=continuum, 100000 packets, redistrib=aa_prd, n_steps_peel=40
[peel] done in 2.44s  line=380207 thom=116763 esc=100000
[peel] zones 120/120, v_turb=per-zone, min=20, med=811, max=1211 km/s, emit=volumetric, 100000 packets, redistrib=aa_prd, n_steps_peel=40
[peel] done in 5.95s  line=4762257 thom=54771 esc=100000
  [measure_jbar] J_bar(Hα): 52/120 zones with non-trivial pumping. Range: 2.820e-07 to 1.732e-04, median: 8.402e-06 erg/s/cm²/sr/Hz
           L_line = 1.974e+42 erg/s, J_bar_max = 1.732e-04 erg/s/cm²/sr/Hz, Δn_3_max = 7278.8% (damping=0.3)
[RT-iter] iter 2: MC to measure J_bar, then re-solve NLTE
[peel] zones 120/120, v_turb=per-zone, min=20, med=811, max=1211 km/s, emit=continuum, 100000 packets, redistrib=aa_prd, n_steps_peel=40
[peel] done in 2.26s  line=307082 thom=114700 esc=100000
[peel] zones 120/120, v_turb=per-zone, min=20, med=811, max=1211 km/s, emit=volumetric, 100000 packets, redistrib=aa_prd, n_steps_peel=40
[peel] done in 5.21s  line=3531144 thom=39476 esc=100000
  [measure_jbar] J_bar(Hα): 61/120 zones with non-trivial pumping. Range: 2.029e-07 to 5.060e-04, median: 3.046e-05 erg/s/cm²/sr/Hz
           L_line = 1.973e+42 erg/s, J_bar_max = 2.730e-04 erg/s/cm²/sr/Hz, Δn_3_max = 204.0% (damping=0.3)
[RT-iter] iter 3: MC to measure J_bar, then re-solve NLTE
[peel] zones 120/120, v_turb=per-zone, min=20, med=811, max=1211 km/s, emit=continuum, 100000 packets, redistrib=aa_prd, n_steps_peel=40
[peel] done in 2.28s  line=322252 thom=114812 esc=100000
[peel] zones 120/120, v_turb=per-zone, min=20, med=811, max=1211 km/s, emit=volumetric, 100000 packets, redistrib=aa_prd, n_steps_peel=40
[peel] done in 5.19s  line=3514143 thom=38911 esc=100000
  [measure_jbar] J_bar(Hα): 61/120 zones with non-trivial pumping. Range: 2.034e-07 to 5.436e-02, median: 3.165e-05 erg/s/cm²/sr/Hz
           L_line = 1.972e+42 erg/s, J_bar_max = 1.631e-02 erg/s/cm²/sr/Hz, Δn_3_max = 65552.2% (damping=0.3)
[RT-iter] iter 4: MC to measure J_bar, then re-solve NLTE
[peel] zones 120/120, v_turb=per-zone, min=20, med=811, max=1211 km/s, emit=continuum, 100000 packets, redistrib=aa_prd, n_steps_peel=40
[peel] done in 2.27s  line=317438 thom=114496 esc=100000
[peel] zones 120/120, v_turb=per-zone, min=20, med=811, max=1211 km/s, emit=volumetric, 100000 packets, redistrib=aa_prd, n_steps_peel=40
[peel] done in 5.22s  line=3523813 thom=38809 esc=100000
  [measure_jbar] J_bar(Hα): 61/120 zones with non-trivial pumping. Range: 2.006e-07 to 5.052e-04, median: 2.991e-05 erg/s/cm²/sr/Hz
           L_line = 1.971e+42 erg/s, J_bar_max = 1.142e-02 erg/s/cm²/sr/Hz, Δn_3_max = 19.1% (damping=0.3)
[RT-iter] iter 5: MC to measure J_bar, then re-solve NLTE
[peel] zones 120/120, v_turb=per-zone, min=20, med=811, max=1211 km/s, emit=continuum, 100000 packets, redistrib=aa_prd, n_steps_peel=40
[peel] done in 2.27s  line=318039 thom=115528 esc=100000
[peel] zones 120/120, v_turb=per-zone, min=20, med=811, max=1211 km/s, emit=volumetric, 100000 packets, redistrib=aa_prd, n_steps_peel=40
[peel] done in 5.20s  line=3535064 thom=38616 esc=100000
  [measure_jbar] J_bar(Hα): 61/120 zones with non-trivial pumping. Range: 1.982e-07 to 5.118e-04, median: 2.707e-05 erg/s/cm²/sr/Hz
           L_line = 1.971e+42 erg/s, J_bar_max = 7.992e-03 erg/s/cm²/sr/Hz, Δn_3_max = 80.8% (damping=0.3)
[RT-iter] iter 6: MC to measure J_bar, then re-solve NLTE
[peel] zones 120/120, v_turb=per-zone, min=20, med=811, max=1211 km/s, emit=continuum, 100000 packets, redistrib=aa_prd, n_steps_peel=40
[peel] done in 2.28s  line=316969 thom=115708 esc=100000
[peel] zones 120/120, v_turb=per-zone, min=20, med=811, max=1211 km/s, emit=volumetric, 100000 packets, redistrib=aa_prd, n_steps_peel=40
[peel] done in 5.22s  line=3542872 thom=37861 esc=100000
  [measure_jbar] J_bar(Hα): 60/120 zones with non-trivial pumping. Range: 2.004e-07 to 1.639e-03, median: 3.033e-05 erg/s/cm²/sr/Hz
           L_line = 1.970e+42 erg/s, J_bar_max = 5.594e-03 erg/s/cm²/sr/Hz, Δn_3_max = 5694.1% (damping=0.3)
[RT-iter] iter 7: MC to measure J_bar, then re-solve NLTE
[peel] zones 120/120, v_turb=per-zone, min=20, med=811, max=1211 km/s, emit=continuum, 100000 packets, redistrib=aa_prd, n_steps_peel=40
[peel] done in 2.28s  line=320599 thom=116191 esc=100000
[peel] zones 120/120, v_turb=per-zone, min=20, med=811, max=1211 km/s, emit=volumetric, 100000 packets, redistrib=aa_prd, n_steps_peel=40
[peel] done in 5.21s  line=3534246 thom=37860 esc=100000
  [measure_jbar] J_bar(Hα): 61/120 zones with non-trivial pumping. Range: 1.984e-07 to 8.481e-04, median: 3.423e-05 erg/s/cm²/sr/Hz
           L_line = 1.970e+42 erg/s, J_bar_max = 3.916e-03 erg/s/cm²/sr/Hz, Δn_3_max = 2174.6% (damping=0.3)
[RT-iter] iter 8: MC to measure J_bar, then re-solve NLTE
[peel] zones 120/120, v_turb=per-zone, min=20, med=811, max=1211 km/s, emit=continuum, 100000 packets, redistrib=aa_prd, n_steps_peel=40
[peel] done in 2.28s  line=322873 thom=115508 esc=100000
[peel] zones 120/120, v_turb=per-zone, min=20, med=811, max=1211 km/s, emit=volumetric, 100000 packets, redistrib=aa_prd, n_steps_peel=40
[peel] done in 5.25s  line=3550724 thom=38243 esc=100000
  [measure_jbar] J_bar(Hα): 64/120 zones with non-trivial pumping. Range: 1.987e-07 to 5.109e-04, median: 3.377e-05 erg/s/cm²/sr/Hz
           L_line = 1.970e+42 erg/s, J_bar_max = 2.741e-03 erg/s/cm²/sr/Hz, Δn_3_max = 119.1% (damping=0.3)
[RT-iter] reached max_iter (8) without converging below tol=2.0%. Using last params.
[he2_nlte] X_HeIII=1.70e-55, X_HeII=1.000, n_HeIII=1.76e-46, n_HeII=1.01e+09, τ_med(4686)=4.9e-30, (1640)=1.4e-30, (3203)=1.0e-30, (10124)=1.2e-29  [32 iters]
[he1_nlte] n_HeI=9.34e+08, n_HeII=3.69e+03, NLTE/LTE(2³S/1¹S)=8.5e+15, τ_med(10830)=2.1e+00, (5876)=5.6e-10, (7065)=7.6e-11, (6678)=2.8e-11  [13 iters]

  [auto-calibration] L_line/L_cont_band = 21.492 → using 'f_cont_bb_lambda'

[2/2] Production MC: 400,000 packets (calibration=f_cont_bb_lambda)
[abs] R_phot = 1.371e+15 cm, T_phot = 6015 K
[abs] L_cont_src (4700-8450 AA) = 4.509e+41 erg/s
[abs] L_line = 1.970e+42 erg/s, ratio L_line/L_cont = 4.368e+00
[abs] per-packet luminosities: cont = 2.255e+36, vol = 9.848e+36
[abs] continuum peel-off, N=200000, L_per_pkt=2.255e+36
[peel] zones 120/120, v_turb=per-zone, min=20, med=811, max=1211 km/s, emit=continuum, 200000 packets, redistrib=aa_prd, n_steps_peel=40
[peel] done in 4.55s  line=629726 thom=231577 esc=200000
[abs] volumetric peel-off, N=200000, L_per_pkt=9.848e+36
[peel] zones 120/120, v_turb=per-zone, min=20, med=811, max=1211 km/s, emit=volumetric, 200000 packets, redistrib=aa_prd, n_steps_peel=40
[peel] done in 10.45s  line=7085387 thom=75241 esc=200000
[abs] F_cont_baseline_peel (far wing): 1.332e+37 erg/s/cm²/AA
[abs] F_cont_BB_baseline (diluted BB):  1.544e+37 erg/s/cm²/AA
[abs] using baseline:                   1.545e+37 mean (range 1.434e+37-1.655e+37, per-λ, mode=f_cont_bb_lambda)
[abs] EW peel uncalibrated:        11585.28 AA
[abs] EW theoretical (L_line/L_cont × out_band): 16118.76 AA
[abs] calibration mode: f_cont_bb_lambda, factor = 1.0000e+00
[abs] R_phot = 1.371e+15 cm, T_phot = 6015 K
[abs] L_cont_src (4700-8450 AA) = 4.509e+41 erg/s
[abs] L_line = 1.970e+42 erg/s, ratio L_line/L_cont = 4.368e+00
[abs] per-packet luminosities: cont = 2.255e+36, vol = 9.848e+36
[abs] continuum peel-off, N=200000, L_per_pkt=2.255e+36
[peel] zones 120/120, v_turb=per-zone, min=20, med=811, max=1211 km/s, emit=continuum, 200000 packets, redistrib=aa_prd, n_steps_peel=40
[peel] done in 4.56s  line=651569 thom=232083 esc=200000
[abs] volumetric peel-off, N=200000, L_per_pkt=9.848e+36
[peel] zones 120/120, v_turb=per-zone, min=20, med=811, max=1211 km/s, emit=volumetric, 200000 packets, redistrib=aa_prd, n_steps_peel=40
[peel] done in 10.43s  line=7072111 thom=75666 esc=200000
[abs] F_cont_baseline_peel (far wing): 1.334e+37 erg/s/cm²/AA
[abs] F_cont_BB_baseline (diluted BB):  1.544e+37 erg/s/cm²/AA
[abs] using baseline:                   1.545e+37 mean (range 1.434e+37-1.655e+37, per-λ, mode=f_cont_bb_lambda)
[abs] EW peel uncalibrated:        11613.11 AA
[abs] EW theoretical (L_line/L_cont × out_band): 16118.76 AA
[abs] calibration mode: f_cont_bb_lambda, factor = 1.0000e+00

[smooth] Gaussian σ=25.0 km/s (0.88 bins) applied to F_norm

[phase5] Computing He multi-line profiles (200,000 packets/line)
[phase5] prod_Ha cross-check: L_line = 1.970e+42 erg/s, EW = -11466.06 Å, peak F = 28.03 @ +400 km/s
[phase5_cont] T_phot = 6015 K, R_phot = 1.371e+15 cm, W = 0.50
[phase5_cont] line             λ_rest    L_cont_band    F_cont(λ_0)  x=hc/λkT
[phase5_cont] ------------ ---------- -------------- --------------  ------
[phase5_cont] He_II_1640       1640.4      9.509e+37      7.324e+04  x = 14.58
[phase5_cont] He_II_3203       3203.1      8.015e+39      3.172e+06  x =  7.47
[phase5_cont] He_II_4686       4685.7      1.869e+40      5.057e+06  x =  5.10
[phase5_cont] He_II_10124     10123.6      1.461e+40      1.829e+06  x =  2.36
[phase5_cont] He_I_5876        5875.6      2.150e+40      4.637e+06  x =  4.07
[phase5_cont] He_I_6678        6678.1      2.124e+40      4.032e+06  x =  3.58
[phase5_cont] He_I_7065        7065.2      2.076e+40      3.725e+06  x =  3.39
[phase5_cont] He_I_10830      10830.3      1.325e+40      1.550e+06  x =  2.21
[phase5_cont] Halpha           6562.8      2.135e+40      4.123e+06  x =  3.64
[phase5_cont] Hbeta            4861.3      1.942e+40      5.065e+06  x =  4.92
[phase5_cont] Hgamma           4340.5      1.688e+40      4.930e+06  x =  5.51
[phase5_cont] Palpha          18751.0      4.629e+39      3.127e+05  x =  1.28
[phase5_cont] Pbeta           12818.1      1.001e+40      9.897e+05  x =  1.87

[phase5] Computing 13 line profiles (200000 packets each)
[peel] zones 120/120, v_turb=per-zone, min=20, med=811, max=1211 km/s, emit=continuum, 200000 packets, redistrib=aa_prd, n_steps_peel=40
[peel] done in 4.08s  line=0 thom=229305 esc=200000
[peel] zones 120/120, v_turb=per-zone, min=20, med=811, max=1211 km/s, emit=volumetric, 200000 packets, redistrib=aa_prd, n_steps_peel=40
[peel] done in 4.36s  line=0 thom=189552 esc=200000
[phase5] He_II_1640  : τ_med=1.40e-30, L_line=1.924e+25, EW=  -1.52 AA, peak F=1.75 @ +1540 km/s
[peel] zones 120/120, v_turb=per-zone, min=20, med=811, max=1211 km/s, emit=continuum, 200000 packets, redistrib=aa_prd, n_steps_peel=40
[peel] done in 4.10s  line=0 thom=228713 esc=200000
[peel] zones 120/120, v_turb=per-zone, min=20, med=811, max=1211 km/s, emit=volumetric, 200000 packets, redistrib=aa_prd, n_steps_peel=40
[peel] done in 4.36s  line=0 thom=189849 esc=200000
[phase5] He_II_3203  : τ_med=1.00e-30, L_line=1.205e+24, EW=  -1.06 AA, peak F=1.44 @ +2000 km/s
[peel] zones 120/120, v_turb=per-zone, min=20, med=811, max=1211 km/s, emit=continuum, 200000 packets, redistrib=aa_prd, n_steps_peel=40
[peel] done in 4.11s  line=0 thom=229290 esc=200000
[peel] zones 120/120, v_turb=per-zone, min=20, med=811, max=1211 km/s, emit=volumetric, 200000 packets, redistrib=aa_prd, n_steps_peel=40
[peel] done in 4.36s  line=0 thom=191106 esc=200000
[phase5] He_II_4686  : τ_med=4.95e-30, L_line=2.780e+24, EW=  +0.31 AA, peak F=1.37 @ +1640 km/s
[peel] zones 120/120, v_turb=per-zone, min=20, med=811, max=1211 km/s, emit=continuum, 200000 packets, redistrib=aa_prd, n_steps_peel=40
[peel] done in 4.15s  line=0 thom=230015 esc=200000
[peel] zones 120/120, v_turb=per-zone, min=20, med=811, max=1211 km/s, emit=volumetric, 200000 packets, redistrib=aa_prd, n_steps_peel=40
[peel] done in 4.36s  line=0 thom=190879 esc=200000
[phase5] He_II_10124 : τ_med=1.24e-29, L_line=2.375e+23, EW=  +9.99 AA, peak F=1.21 @ -160 km/s
[peel] zones 120/120, v_turb=per-zone, min=20, med=811, max=1211 km/s, emit=continuum, 200000 packets, redistrib=aa_prd, n_steps_peel=40
[peel] done in 7.01s  line=2168760 thom=236742 esc=200000
[peel] zones 120/120, v_turb=per-zone, min=20, med=811, max=1211 km/s, emit=volumetric, 200000 packets, redistrib=aa_prd, n_steps_peel=40
[peel] done in 15.28s  line=7001481 thom=72515 esc=200000
[phase5] He_I_5876   : τ_med=5.60e-10, L_line=1.690e+39, EW=-201.83 AA, peak F=4.78 @ -2040 km/s
[peel] zones 120/120, v_turb=per-zone, min=20, med=811, max=1211 km/s, emit=continuum, 200000 packets, redistrib=aa_prd, n_steps_peel=40
[peel] done in 5.87s  line=1247253 thom=235980 esc=200000
[peel] zones 120/120, v_turb=per-zone, min=20, med=811, max=1211 km/s, emit=volumetric, 200000 packets, redistrib=aa_prd, n_steps_peel=40
[peel] done in 8.57s  line=2825807 thom=42926 esc=200000
[phase5] He_I_6678   : τ_med=2.78e-11, L_line=1.375e+39, EW=-218.50 AA, peak F=4.65 @ -2140 km/s
[peel] zones 120/120, v_turb=per-zone, min=20, med=811, max=1211 km/s, emit=continuum, 200000 packets, redistrib=aa_prd, n_steps_peel=40
[peel] done in 6.16s  line=1449676 thom=235607 esc=200000
[peel] zones 120/120, v_turb=per-zone, min=20, med=811, max=1211 km/s, emit=volumetric, 200000 packets, redistrib=aa_prd, n_steps_peel=40
[peel] done in 8.54s  line=2800445 thom=38127 esc=200000
[phase5] He_I_7065   : τ_med=7.59e-11, L_line=7.202e+38, EW=-226.53 AA, peak F=4.60 @ -2340 km/s
[peel] zones 120/120, v_turb=per-zone, min=20, med=811, max=1211 km/s, emit=continuum, 200000 packets, redistrib=aa_prd, n_steps_peel=40
[peel] done in 9.16s  line=3789817 thom=242874 esc=200000
[peel] zones 120/120, v_turb=per-zone, min=20, med=811, max=1211 km/s, emit=volumetric, 200000 packets, redistrib=aa_prd, n_steps_peel=40
[peel] done in 20.14s  line=9913637 thom=114320 esc=200000
[phase5] He_I_10830  : τ_med=2.11e+00, L_line=6.638e+38, EW=-464.61 AA, peak F=6.13 @ +520 km/s
[peel] zones 120/120, v_turb=per-zone, min=20, med=811, max=1211 km/s, emit=continuum, 200000 packets, redistrib=aa_prd, n_steps_peel=40
[peel] done in 5.56s  line=1980285 thom=235897 esc=200000
[peel] zones 120/120, v_turb=per-zone, min=20, med=811, max=1211 km/s, emit=volumetric, 200000 packets, redistrib=aa_prd, n_steps_peel=40
[peel] done in 10.37s  line=6995901 thom=74628 esc=200000
[phase5] Halpha      : τ_med=6.47e-03, L_line=4.486e+41, EW=-3646.82 AA, peak F=43.09 @ +1980 km/s
[peel] zones 120/120, v_turb=per-zone, min=20, med=811, max=1211 km/s, emit=continuum, 200000 packets, redistrib=aa_prd, n_steps_peel=40
[peel] done in 5.71s  line=1180909 thom=235398 esc=200000
[peel] zones 120/120, v_turb=per-zone, min=20, med=811, max=1211 km/s, emit=volumetric, 200000 packets, redistrib=aa_prd, n_steps_peel=40
[peel] done in 11.15s  line=4139182 thom=51650 esc=200000
[phase5] Hbeta       : τ_med=8.97e-04, L_line=1.547e+40, EW= -87.06 AA, peak F=3.07 @ +1600 km/s
[peel] zones 120/120, v_turb=per-zone, min=20, med=811, max=1211 km/s, emit=continuum, 200000 packets, redistrib=aa_prd, n_steps_peel=40
[peel] done in 5.26s  line=828687 thom=234203 esc=200000
[peel] zones 120/120, v_turb=per-zone, min=20, med=811, max=1211 km/s, emit=volumetric, 200000 packets, redistrib=aa_prd, n_steps_peel=40
[peel] done in 8.91s  line=2753757 thom=41526 esc=200000
[phase5] Hgamma      : τ_med=3.00e-04, L_line=1.290e+40, EW= -67.61 AA, peak F=2.58 @ -4760 km/s
[peel] zones 120/120, v_turb=per-zone, min=20, med=811, max=1211 km/s, emit=continuum, 200000 packets, redistrib=aa_prd, n_steps_peel=40
[peel] done in 11.93s  line=5897408 thom=251565 esc=200000
[peel] zones 120/120, v_turb=per-zone, min=20, med=811, max=1211 km/s, emit=volumetric, 200000 packets, redistrib=aa_prd, n_steps_peel=40
[peel] done in 7.06s  line=1507474 thom=8589 esc=200000
[phase5] Palpha      : τ_med=2.54e-04, L_line=1.585e+39, EW=-138.98 AA, peak F=2.45 @ +1540 km/s
[peel] zones 120/120, v_turb=per-zone, min=20, med=811, max=1211 km/s, emit=continuum, 200000 packets, redistrib=aa_prd, n_steps_peel=40
[peel] done in 8.66s  line=3369971 thom=245789 esc=200000
[peel] zones 120/120, v_turb=per-zone, min=20, med=811, max=1211 km/s, emit=volumetric, 200000 packets, redistrib=aa_prd, n_steps_peel=40
[peel] done in 6.00s  line=1020583 thom=10002 esc=200000
[phase5] Pbeta       : τ_med=3.29e-05, L_line=2.140e+39, EW=-125.48 AA, peak F=1.99 @ -3800 km/s
[phase5b] Hα-anchored correction factor R = L_prod / L_phase5 = 4.3907
[phase5b] Applying R to L_line, EW, (F_norm − 1) for all non-Hα lines.
[phase5] Saved smokeIIP_day50_xray_lines.npz, .txt, .png
[regime] Saved smokeIIP_day50_xray_regime.txt  (12 grade-A, 1 grade-B, 0 grade-C, 1 grade-R)
  Saved smokeIIP_day50_xray_hydro.png
  Saved smokeIIP_day50_xray_ionization.png

Total runtime: 1.5 min (8 RT iters, 1,200,000 total packets)
